------------------------------------------------------------
Timing Analyzer Summary
------------------------------------------------------------

Type  : Slow 1200mV 85C Model Setup 'CLK'
Slack : -3.127
TNS   : -65.321

Type  : Slow 1200mV 85C Model Setup 'E1'
Slack : -0.322
TNS   : -0.642

Type  : Slow 1200mV 85C Model Hold 'E1'
Slack : 0.378
TNS   : 0.000

Type  : Slow 1200mV 85C Model Hold 'CLK'
Slack : 0.640
TNS   : 0.000

Type  : Slow 1200mV 85C Model Minimum Pulse Width 'CLK'
Slack : -3.000
TNS   : -42.284

Type  : Slow 1200mV 85C Model Minimum Pulse Width 'E1'
Slack : -3.000
TNS   : -8.612

Type  : Slow 1200mV 0C Model Setup 'CLK'
Slack : -2.832
TNS   : -57.325

Type  : Slow 1200mV 0C Model Setup 'E1'
Slack : -0.087
TNS   : -0.172

Type  : Slow 1200mV 0C Model Hold 'E1'
Slack : 0.339
TNS   : 0.000

Type  : Slow 1200mV 0C Model Hold 'CLK'
Slack : 0.593
TNS   : 0.000

Type  : Slow 1200mV 0C Model Minimum Pulse Width 'CLK'
Slack : -3.000
TNS   : -42.284

Type  : Slow 1200mV 0C Model Minimum Pulse Width 'E1'
Slack : -3.000
TNS   : -8.612

Type  : Fast 1200mV 0C Model Setup 'CLK'
Slack : -0.790
TNS   : -11.111

Type  : Fast 1200mV 0C Model Setup 'E1'
Slack : 0.174
TNS   : 0.000

Type  : Fast 1200mV 0C Model Hold 'E1'
Slack : 0.166
TNS   : 0.000

Type  : Fast 1200mV 0C Model Hold 'CLK'
Slack : 0.247
TNS   : 0.000

Type  : Fast 1200mV 0C Model Minimum Pulse Width 'CLK'
Slack : -3.000
TNS   : -32.177

Type  : Fast 1200mV 0C Model Minimum Pulse Width 'E1'
Slack : -3.000
TNS   : -7.708

------------------------------------------------------------
