------------------------------------------------------------
Timing Analyzer Summary
------------------------------------------------------------

Type  : Slow 1200mV 85C Model Setup 'CLK'
Slack : -4.613
TNS   : -78.833

Type  : Slow 1200mV 85C Model Setup 'div_frec:inst2|cuenta[24]'
Slack : 0.136
TNS   : 0.000

Type  : Slow 1200mV 85C Model Hold 'div_frec:inst2|cuenta[24]'
Slack : 0.347
TNS   : 0.000

Type  : Slow 1200mV 85C Model Hold 'CLK'
Slack : 0.644
TNS   : 0.000

Type  : Slow 1200mV 85C Model Minimum Pulse Width 'CLK'
Slack : -3.000
TNS   : -42.284

Type  : Slow 1200mV 85C Model Minimum Pulse Width 'div_frec:inst2|cuenta[24]'
Slack : -1.403
TNS   : -5.612

Type  : Slow 1200mV 0C Model Setup 'CLK'
Slack : -4.196
TNS   : -70.206

Type  : Slow 1200mV 0C Model Setup 'div_frec:inst2|cuenta[24]'
Slack : 0.209
TNS   : 0.000

Type  : Slow 1200mV 0C Model Hold 'div_frec:inst2|cuenta[24]'
Slack : 0.311
TNS   : 0.000

Type  : Slow 1200mV 0C Model Hold 'CLK'
Slack : 0.596
TNS   : 0.000

Type  : Slow 1200mV 0C Model Minimum Pulse Width 'CLK'
Slack : -3.000
TNS   : -42.284

Type  : Slow 1200mV 0C Model Minimum Pulse Width 'div_frec:inst2|cuenta[24]'
Slack : -1.403
TNS   : -5.612

Type  : Fast 1200mV 0C Model Setup 'CLK'
Slack : -1.472
TNS   : -20.650

Type  : Fast 1200mV 0C Model Setup 'div_frec:inst2|cuenta[24]'
Slack : 0.630
TNS   : 0.000

Type  : Fast 1200mV 0C Model Hold 'div_frec:inst2|cuenta[24]'
Slack : 0.151
TNS   : 0.000

Type  : Fast 1200mV 0C Model Hold 'CLK'
Slack : 0.250
TNS   : 0.000

Type  : Fast 1200mV 0C Model Minimum Pulse Width 'CLK'
Slack : -3.000
TNS   : -31.961

Type  : Fast 1200mV 0C Model Minimum Pulse Width 'div_frec:inst2|cuenta[24]'
Slack : -1.000
TNS   : -4.000

------------------------------------------------------------
