------------------------------------------------------------
Timing Analyzer Summary
------------------------------------------------------------

Type  : Slow 1200mV 85C Model Setup 'CLK'
Slack : -3.982
TNS   : -72.563

Type  : Slow 1200mV 85C Model Setup 'div_frec:inst|cuenta[24]'
Slack : 0.133
TNS   : 0.000

Type  : Slow 1200mV 85C Model Hold 'div_frec:inst|cuenta[24]'
Slack : 0.348
TNS   : 0.000

Type  : Slow 1200mV 85C Model Hold 'CLK'
Slack : 0.646
TNS   : 0.000

Type  : Slow 1200mV 85C Model Minimum Pulse Width 'CLK'
Slack : -3.000
TNS   : -42.284

Type  : Slow 1200mV 85C Model Minimum Pulse Width 'div_frec:inst|cuenta[24]'
Slack : -1.403
TNS   : -2.806

Type  : Slow 1200mV 0C Model Setup 'CLK'
Slack : -3.627
TNS   : -64.293

Type  : Slow 1200mV 0C Model Setup 'div_frec:inst|cuenta[24]'
Slack : 0.203
TNS   : 0.000

Type  : Slow 1200mV 0C Model Hold 'div_frec:inst|cuenta[24]'
Slack : 0.311
TNS   : 0.000

Type  : Slow 1200mV 0C Model Hold 'CLK'
Slack : 0.598
TNS   : 0.000

Type  : Slow 1200mV 0C Model Minimum Pulse Width 'CLK'
Slack : -3.000
TNS   : -42.284

Type  : Slow 1200mV 0C Model Minimum Pulse Width 'div_frec:inst|cuenta[24]'
Slack : -1.403
TNS   : -2.806

Type  : Fast 1200mV 0C Model Setup 'CLK'
Slack : -1.190
TNS   : -17.800

Type  : Fast 1200mV 0C Model Setup 'div_frec:inst|cuenta[24]'
Slack : 0.629
TNS   : 0.000

Type  : Fast 1200mV 0C Model Hold 'div_frec:inst|cuenta[24]'
Slack : 0.152
TNS   : 0.000

Type  : Fast 1200mV 0C Model Hold 'CLK'
Slack : 0.250
TNS   : 0.000

Type  : Fast 1200mV 0C Model Minimum Pulse Width 'CLK'
Slack : -3.000
TNS   : -31.952

Type  : Fast 1200mV 0C Model Minimum Pulse Width 'div_frec:inst|cuenta[24]'
Slack : -1.000
TNS   : -2.000

------------------------------------------------------------
