------------------------------------------------------------
Timing Analyzer Summary
------------------------------------------------------------

Type  : Slow 1200mV 85C Model Setup 'CLK'
Slack : -4.016
TNS   : -73.801

Type  : Slow 1200mV 85C Model Setup 'div_frec:inst2|cuenta[24]'
Slack : 0.298
TNS   : 0.000

Type  : Slow 1200mV 85C Model Hold 'div_frec:inst2|cuenta[24]'
Slack : 0.393
TNS   : 0.000

Type  : Slow 1200mV 85C Model Hold 'CLK'
Slack : 0.646
TNS   : 0.000

Type  : Slow 1200mV 85C Model Minimum Pulse Width 'CLK'
Slack : -3.000
TNS   : -42.284

Type  : Slow 1200mV 85C Model Minimum Pulse Width 'div_frec:inst2|cuenta[24]'
Slack : -1.403
TNS   : -5.612

Type  : Slow 1200mV 0C Model Setup 'CLK'
Slack : -3.640
TNS   : -65.451

Type  : Slow 1200mV 0C Model Setup 'div_frec:inst2|cuenta[24]'
Slack : 0.362
TNS   : 0.000

Type  : Slow 1200mV 0C Model Hold 'div_frec:inst2|cuenta[24]'
Slack : 0.355
TNS   : 0.000

Type  : Slow 1200mV 0C Model Hold 'CLK'
Slack : 0.598
TNS   : 0.000

Type  : Slow 1200mV 0C Model Minimum Pulse Width 'CLK'
Slack : -3.000
TNS   : -42.284

Type  : Slow 1200mV 0C Model Minimum Pulse Width 'div_frec:inst2|cuenta[24]'
Slack : -1.403
TNS   : -5.612

Type  : Fast 1200mV 0C Model Setup 'CLK'
Slack : -1.250
TNS   : -18.781

Type  : Fast 1200mV 0C Model Setup 'div_frec:inst2|cuenta[24]'
Slack : 0.694
TNS   : 0.000

Type  : Fast 1200mV 0C Model Hold 'div_frec:inst2|cuenta[24]'
Slack : 0.170
TNS   : 0.000

Type  : Fast 1200mV 0C Model Hold 'CLK'
Slack : 0.251
TNS   : 0.000

Type  : Fast 1200mV 0C Model Minimum Pulse Width 'CLK'
Slack : -3.000
TNS   : -31.959

Type  : Fast 1200mV 0C Model Minimum Pulse Width 'div_frec:inst2|cuenta[24]'
Slack : -1.000
TNS   : -4.000

------------------------------------------------------------
